python : Traceback (most recent call last):
At line:1 char:1
+ python manage.py test --verbosity=1 > test_output.txt 2>&1; Get-Conte ...
+ ~~~~~~~~~~~~~~~~~~~~~~~~~~~~~~~~~~~~~~~~~~~~~~~~~~~~~~~~~~
    + CategoryInfo          : NotSpecified: (Traceback (most recent call last) 
   ::String) [], RemoteException
    + FullyQualifiedErrorId : NativeCommandError
 
  File "C:\Users\kiruk\OneDrive\Desktop\resume v2\AI_Resume_Builder 
v2.0\manage.py", line 21, in <module>
    main()
  File "C:\Users\kiruk\OneDrive\Desktop\resume v2\AI_Resume_Builder 
v2.0\manage.py", line 18, in main
    execute_from_command_line(sys.argv)
  File "C:\Users\kiruk\Miniconda3\envs\resume_env\Lib\site-packages\django\core
\management\__init__.py", line 442, in execute_from_command_line
    utility.execute()
  File "C:\Users\kiruk\Miniconda3\envs\resume_env\Lib\site-packages\django\core
\management\__init__.py", line 382, in execute
    settings.INSTALLED_APPS
  File "C:\Users\kiruk\Miniconda3\envs\resume_env\Lib\site-packages\django\conf
\__init__.py", line 81, in __getattr__
    self._setup(name)
  File "C:\Users\kiruk\Miniconda3\envs\resume_env\Lib\site-packages\django\conf
\__init__.py", line 68, in _setup
    self._wrapped = Settings(settings_module)
                    ^^^^^^^^^^^^^^^^^^^^^^^^^
  File "C:\Users\kiruk\Miniconda3\envs\resume_env\Lib\site-packages\django\conf
\__init__.py", line 166, in __init__
    mod = importlib.import_module(self.SETTINGS_MODULE)
          ^^^^^^^^^^^^^^^^^^^^^^^^^^^^^^^^^^^^^^^^^^^^^
  File "C:\Users\kiruk\Miniconda3\envs\resume_env\Lib\importlib\__init__.py", 
line 126, in import_module
    return _bootstrap._gcd_import(name[level:], package, level)
           ^^^^^^^^^^^^^^^^^^^^^^^^^^^^^^^^^^^^^^^^^^^^^^^^^^^^
  File "<frozen importlib._bootstrap>", line 1204, in _gcd_import
  File "<frozen importlib._bootstrap>", line 1176, in _find_and_load
  File "<frozen importlib._bootstrap>", line 1147, in _find_and_load_unlocked
  File "<frozen importlib._bootstrap>", line 690, in _load_unlocked
  File "<frozen importlib._bootstrap_external>", line 940, in exec_module
  File "<frozen importlib._bootstrap>", line 241, in _call_with_frames_removed
  File "C:\Users\kiruk\OneDrive\Desktop\resume v2\AI_Resume_Builder 
v2.0\core\settings.py", line 356, in <module>
    print("\u2139 Celery default for Windows: Use '-P solo' pool 
(recommended)")
  File "C:\Users\kiruk\Miniconda3\envs\resume_env\Lib\encodings\cp1252.py", 
line 19, in encode
    return codecs.charmap_encode(input,self.errors,encoding_table)[0]
           ^^^^^^^^^^^^^^^^^^^^^^^^^^^^^^^^^^^^^^^^^^^^^^^^^^^^^^^
UnicodeEncodeError: 'charmap' codec can't encode character '\u2139' in 
position 0: character maps to <undefined>
